 Account           | Org  | Plan | 5h  | Weekly | Fable (weekly) | Credits | 5h reset         | Weekly reset         | State                                                                        
-------------------+------+------+-----+--------+----------------+---------+------------------+----------------------+------------------------------------------------------------------------------
 alice@example.com | Acme | max  | 21% | 35%    | 56%            | n/a     | 2h13m (11:13 AM) | 2d20h (Fri 05:00 AM) | rate-limited (retry in 30s) (showing cached values)                          
 bob@example.com   | Acme | —    | —   | —      | —              | —       | —                | —                    | claude session detected — refresh refused (lock .oauth_refresh.lock, age 3s) 
 carol@example.com | Acme | —    | —   | —      | —              | n/a     | —                | —                    | no subscription limits (API/console account?)
