"agctl claude watch · 0 accounts · last fetch — · next fetch "
"no accounts to show                                         "
"                                                            "
"                                                            "
"                                                            "
"                                                            "
"                                                            "
"q quit · r refresh · ↑↓ select                              "
