"agctl claude watch · 2 accounts · last fetch — · fetching · stale                   "
"┌▸ owner@example.com · Acme · max ─────────────────────────────────────────────────┐"
"│5h        ███████████████                   21%                                   │"
"│weekly    █████████████████████████         35%                                   │"
"│Fable     ██████████████████████████████████56% ██                                │"
"│[claude-detected] · claude session detected — refresh refused (lock .oauth_refresh│"
"└──────────────────────────────────────────────────────────────────────────────────┘"
"┌  live@example.com · Acme · — ────────────────────────────────────────────────────┐"
"│[keychain-locked] · keychain locked                                               │"
"└──────────────────────────────────────────────────────────────────────────────────┘"
"                                                                                    "
"                                                                                    "
"                                                                                    "
"                                                                                    "
"                                                                                    "
"                                                                                    "
"                                                                                    "
"                                                                                    "
"                                                                                    "
"q quit · r refresh · ↑↓ select                                                      "
